[risinternational.net/index.html]
[backblue.gif]
[fade.gif]
[index.html]
[cdnjs.cloudflare.com/ajax/libs/font-awesome/6.5.0/css/all.min.css]
[cdn.jsdelivr.net/npm/swiper@11/swiper-bundle.min.css]
[risinternational.net/static/main/css/global.css]
[cdn.jsdelivr.net/npm/slideout@1.0.1/dist/slideout.min.css]
[unpkg.com/aos@2.3.1/dist/aos.css]
[unpkg.com/aos@2.3.1/dist/aos.js]
[cdnjs.cloudflare.com/ajax/libs/gsap/3.12.2/Draggable.min.js]
[risinternational.net/static/main/css/index.css]
[risinternational.net/static/main/images/RISNEWLOGO.png]
[risinternational.net/static/main/videos/WelcomeRISVideo.mp4]
[risinternational.net/static/main/videos/Innovatewithus.mp4]
[risinternational.net/services/index.html]
[risinternational.net/aboutus/index.html]
[risinternational.net/static/main/videos/TransformWithAI.mp4]
[risinternational.net/careers/index.html]
[risinternational.net/static/main/videos/JoinOurJourney.mp4]
[risinternational.net/blog/index.html]
[risinternational.net/static/main/videos/our Mission.mp4]
[risinternational.net/contact/index.html]
[risinternational.net/static/main/videos/our_vision.mp4]
[risinternational.net/static/main/images/morning.jpg]
[risinternational.net/static/main/images/afternoon.jpg]
[risinternational.net/static/main/images/evening.jpg]
[risinternational.net/static/main/images/night.12.delayed]
[risinternational.net/static/main/videos/Aim of our Business.mp4]
[risinternational.net/static/main/videos/Business Analytics Policy.mp4]
[risinternational.net/privacy-policy.15.delayed]
[risinternational.net/cookie-policy]
[risinternational.net/static/main/images/Global Consumer Insights.avif]
[risinternational.net/static/main/images/oppurtunity.jpg]
[cdn.jsdelivr.net/npm/swiper@10/swiper-bundle.min.js]
[risinternational.net/static/main/js/global.js]
[cdnjs.cloudflare.com/ajax/libs/gsap/3.12.2/gsap.min.js]
[risinternational.net/privacy-policy/index.html]
[risinternational.net/accessibility-statement/index.html]
[risinternational.net/terms-and-conditions/index.html]
[risinternational.net/index.html]
[cdn.jsdelivr.net/npm/slideout@1.0.1/dist/slideout.min.js]
[cdnjs.cloudflare.com/ajax/libs/font-awesome/6.5.0/css/all.min.css]
[cdn.jsdelivr.net/npm/swiper@11/swiper-bundle.min.css]
[risinternational.net/static/main/css/global.css]
[cdn.jsdelivr.net/npm/slideout@1.0.1/dist/slideout.min.css]
[unpkg.com/aos@2.3.1/dist/aos.css]
[risinternational.net/sitemap/index.html]
[risinternational.net/subscribe/index.html]
[risinternational.net/cookie-policy/index.html]
[risinternational.net/static/main/css/index.css]
[risinternational.net/static/main/css/aboutus.css]
[risinternational.net/static/main/css/developer_carousel.css]
[risinternational.net/static/main/videos/about Image1.mp4]
[risinternational.net/static/main/videos/about Image2.mp4]
[risinternational.net/static/main/videos/about Image3.mp4]
[risinternational.net/static/main/images/our work.jpg]
[risinternational.net/static/main/images/our clients.jpg]
[risinternational.net/static/main/images/our carrers.jpg]
[risinternational.net/static/main/images/AI Solutions.jpg]
[risinternational.net/static/main/images/cloud solutions.jpg]
[risinternational.net/static/main/images/Digital Marketing.jpg]
[risinternational.net/ai_solutions/index.html]
[risinternational.net/clients/index.html]
[risinternational.net/digital-marketing/index.html]
[risinternational.net/static/main/images/mamatha.jpg]
[risinternational.net/static/main/images/prem.jpg]
[risinternational.net/static/main/images/ashwini.jpg]
[risinternational.net/static/main/images/pradeep.jpg]
[risinternational.net/cloudsolutions/index.html]
[risinternational.net/static/main/images/meenakshi.jpg]
[risinternational.net/static/main/images/madhav.jpg]
[risinternational.net/static/main/images/kollushiva.jpg]
[risinternational.net/static/main/images/sahana L.jpg]
[risinternational.net/static/main/images/parvathi.jpg]
[risinternational.net/static/main/images/Yuva Kiran.jpg]
[risinternational.net/static/main/images/mohan.jpg]
[risinternational.net/static/main/images/Harish.jpg]
[risinternational.net/static/main/images/Likith.jpg]
[risinternational.net/static/main/images/G Sachin.jpg]
[risinternational.net/static/main/images/Rakesh.jpg]
[risinternational.net/static/main/images/Shreedhar.jpg]
[risinternational.net/static/main/images/Tarun.jpg]
[risinternational.net/static/main/images/Azeem.jpg]
[risinternational.net/static/main/images/Keerthana.jpg]
[risinternational.net/static/main/images/Akshay.jpg]
[risinternational.net/static/main/images/Suhail.jpg]
[risinternational.net/static/main/images/Bheem Kiran.jpg]
[risinternational.net/static/main/images/jagadeesh.jpg]
[risinternational.net/static/main/images/Innovation.jpg]
[risinternational.net/static/main/images/Excellence.jpg]
[risinternational.net/static/main/images/Integrity.jpg]
[risinternational.net/static/main/images/collaboration.jpg]
[risinternational.net/static/main/images/customer focus.jpg]
[risinternational.net/static/main/images/continuous learning.jpg]
[risinternational.net/aboutus/index.html]
[risinternational.net/static/main/js/aboutus.js]
[risinternational.net/static/main/videos/Services.mp4]
[risinternational.net/static/main/videos/WebJavaDevelopment.mp4]
[risinternational.net/static/main/videos/AndroidDevelopment.mp4]
[risinternational.net/static/main/videos/UIUXDesign.mp4]
[risinternational.net/static/main/videos/CRMDevelopment.mp4]
[risinternational.net/static/main/videos/DevOpsServices.mp4]
[risinternational.net/java_web_development/index.html]
[risinternational.net/android-development/index.html]
[risinternational.net/static/main/videos/DigitalMarketing.mp4]
[risinternational.net/static/main/videos/TechnicalConsulting.mp4]
[risinternational.net/ux_ui_design/index.html]
[risinternational.net/crm_development/index.html]
[risinternational.net/static/main/videos/Healthcare.mp4]
[risinternational.net/static/main/videos/AISolutions.mp4]
[risinternational.net/devops_services/index.html]
[risinternational.net/static/main/videos/NETDevelopment.mp4]
[risinternational.net/technical_consulting/index.html]
[risinternational.net/static/main/videos/Angular.mp4]
[risinternational.net/healthcare/index.html]
[risinternational.net/dotnet_development/index.html]
[risinternational.net/static/main/videos/ProcurementSolutions.mp4]
[risinternational.net/angularjs_development/index.html]
[risinternational.net/static/main/videos/FinancialBanking.mp4]
[images.pexels.com/photos/4101143/pexels-photo-4101143.jpg]
[risinternational.net/services/index.html]
[risinternational.net/ProcurementSolutions/index.html]
[risinternational.net/FinancialBanking/index.html]
[risinternational.net/static/main/images/Innovation first.avif]
[risinternational.net/static/main/images/work life balance.avif]
[risinternational.net/static/main/images/continuous learnings.avif]
[risinternational.net/static/main/images/amazing team.avif]
[risinternational.net/static/main/images/health wellness.avif]
[risinternational.net/static/main/images/competitive package.avif]
[risinternational.net/static/main/images/Reshma.jpg]
[risinternational.net/static/main/images/Ranjan.jpg]
[ik.imagekit.io/cyberds/f33ac3a2-26eb-47ed-9f6d-d2af9ee953ad403e.jpg]
[risinternational.net/static/main/images/Rama.jpg]
[risinternational.net/static/main/images/favor_lawrence.jpg]
[risinternational.net/static/main/images/john feranmi.jpg]
[risinternational.net/static/main/images/benedict.jpg]
[risinternational.net/static/main/images/Daniel.jpg]
[risinternational.net/static/main/images/Ayo.jpg]
[risinternational.net/static/main/images/Stephanie.jpg]
[risinternational.net/static/main/images/micheal.jpg]
[risinternational.net/careers/index.html]
[cdn.jsdelivr.net/npm/swiper@11/swiper-bundle.min.js]
[risinternational.net/static/main/css/testimonial.css]
[risinternational.net/blog/index.html]
[cdnjs.cloudflare.com/ajax/libs/gsap/3.12.2/ScrollTrigger.min.js]
[risinternational.net/static/main/css/contact.css]
[risinternational.net/cdn-cgi/l/email-protection]
[flagcdn.com/w80/in.png]
[risinternational.net/static/main/images/Times square.jpg]
[risinternational.net/static/main/images/us.png]
[flagcdn.com/w80/ng.png]
[flagcdn.com/w80/ph.png]
[risinternational.net/static/main/images/cn_tower.jpg]
[risinternational.net/static/main/images/canada.png]
[risinternational.net/static/main/images/towerbridge.jpg]
[risinternational.net/static/main/images/UK.jpg]
[risinternational.net/cdn-cgi/scripts/5c5dd728/cloudflare-static/email-decode.min.js]
[risinternational.net/contact/index.html]
[risinternational.net/static/main/images/night.html]
[risinternational.net/privacy-policy.html]
[risinternational.net/cookie-policy.html]
[res.cloudinary.com/dzcnlnnt9/image/upload/v1751106020/career-header_Black_and_white_xynil1.gif]
[risinternational.net/privacy-policy/index.html]
[risinternational.net/terms-and-conditions/index.html]
[risinternational.net/accessibility-statement/index.html]
[risinternational.net/sitemap/index.html]
[risinternational.net/cookie-policy/index.html]
[res.cloudinary.com/dzcnlnnt9/image/upload/v1750494947/Image_fx_54_mgytgv.gif]
[risinternational.net/static/main/css/aboutus.css]
[risinternational.net/static/main/css/developer_carousel.html]
[risinternational.net/clients/index.html]
[risinternational.net/static/main/js/contact.js]
[images.pexels.com/photos/8386440/pexels-photo-8386440.jpg]
[risinternational.net/ai_solutions/index.html]
[risinternational.net/cloudsolutions/index.html]
[images.pexels.com/photos/6476260/pexels-photo-6476260.jpg]
[risinternational.net/digital-marketing/index.html]
[risinternational.net/java_web_development/index.html]
[risinternational.net/android-development/index.html]
[risinternational.net/index/index.html]
[images.pexels.com/photos/17771077/pexels-photo-17771077.jpg]
[risinternational.net/ux_ui_design/index.html]
[risinternational.net/crm_development/index.html]
[images.pexels.com/photos/1181354/pexels-photo-1181354.jpg]
[risinternational.net/devops_services/index.html]
[risinternational.net/technical_consulting/index.html]
[risinternational.net/healthcare/index.html]
[images.pexels.com/photos/5380642/pexels-photo-5380642.jpg]
[risinternational.net/dotnet_development/index.html]
[risinternational.net/angularjs_development/index.html]
[risinternational.net/ProcurementSolutions/index.html]
[risinternational.net/FinancialBanking/index.html]
[risinternational.net/submit-job-application/index.html]
[risinternational.net/static/main/css/testimonial.css]
[risinternational.net/static/main/css/contact.css]
[risinternational.net/cdn-cgi/l/email-protection.html]
[risinternational.net/index/index.html]
